// Jest Snapshot v1, https://goo.gl/fbAQLP

exports[`App should render correclty 1`] = `
<div>
  <header>
    <WithStyles(Connect(TopHeader)) />
  </header>
  <section>
    <WithStyles(Connect(Game)) />
  </section>
</div>
`;
