// Jest Snapshot v1, https://goo.gl/fbAQLP

exports[`Icon should render correctly 1`] = `
<div
  className="svg-container undefined"
>
  <svg
    height="1em"
    width="1em"
  >
    <use
      xlinkHref="#mockType"
    />
  </svg>
</div>
`;
